
*** EXCEPTION: Memory access out of bounds

IP:                   29
Registers:
00:                    0
01:                   10
02:                   42
03:          Hello world
04:           1234567890
05:                    0
06:                    0
07:                    0
08:                    0
09:                    0
10:                   12
11:                    0
12:                    0
13:                    0
14:                    0
15:                    0
